epoch=000 train_loss=1.50031 validation_dice=0.63076 best=0.63076
epoch=001 train_loss=1.34388 validation_dice=0.72818 best=0.72818
epoch=002 train_loss=1.14535 validation_dice=0.74014 best=0.74014
epoch=003 train_loss=0.92290 validation_dice=0.74169 best=0.74169
epoch=004 train_loss=0.71736 validation_dice=0.74697 best=0.74697
epoch=005 train_loss=0.54983 validation_dice=0.74452 best=0.74697
epoch=006 train_loss=0.43687 validation_dice=0.74964 best=0.74964
epoch=007 train_loss=0.36938 validation_dice=0.75372 best=0.75372
epoch=008 train_loss=0.32262 validation_dice=0.74882 best=0.75372
epoch=009 train_loss=0.29757 validation_dice=0.74262 best=0.75372
epoch=010 train_loss=0.26735 validation_dice=0.75469 best=0.75469
epoch=011 train_loss=0.24934 validation_dice=0.74665 best=0.75469
epoch=012 train_loss=0.22529 validation_dice=0.74980 best=0.75469
epoch=013 train_loss=0.21220 validation_dice=0.74957 best=0.75469
epoch=014 train_loss=0.19414 validation_dice=0.75412 best=0.75469
epoch=015 train_loss=0.17315 validation_dice=0.74873 best=0.75469
epoch=016 train_loss=0.14893 validation_dice=0.75261 best=0.75469
epoch=017 train_loss=0.13018 validation_dice=0.75032 best=0.75469
epoch=018 train_loss=0.11845 validation_dice=0.74583 best=0.75469
epoch=019 train_loss=0.09911 validation_dice=0.75308 best=0.75469
epoch=020 train_loss=0.08774 validation_dice=0.74875 best=0.75469
epoch=021 train_loss=0.08008 validation_dice=0.75238 best=0.75469
epoch=022 train_loss=0.07844 validation_dice=0.74492 best=0.75469
    method_id  k  strategy  n_patients  n_patient_observations  mean_hidden_dice  mean_hidden_hd95_px  mean_area_curve_relative_rmse  mean_hidden_brier  mean_hidden_area_95_coverage  trust_gate_rejection_rate  mean_runtime_s
oa_hb_tpm_map  5 clustered          20                     100          0.744103             9.893280                       0.356706           0.038697                      0.639474                       1.00        0.034746
oa_hb_tpm_map  5    random          20                     100          0.742590             9.886460                       0.356783           0.038643                      0.679474                       0.59        0.034731
oa_hb_tpm_map  5   uniform          20                      20          0.742228             9.863726                       0.354150           0.038393                      0.744737                       0.05        0.035673
Checkpoint: private_data/ted_full/runs/oa_hb_tpm_map/fold0_k5_all_strategies/checkpoints/best_model.pt
