epoch=000 train_loss=1.49866 validation_dice=0.63027 best=0.63027
epoch=001 train_loss=1.34226 validation_dice=0.73111 best=0.73111
epoch=002 train_loss=1.14395 validation_dice=0.74170 best=0.74170
epoch=003 train_loss=0.92009 validation_dice=0.74186 best=0.74186
epoch=004 train_loss=0.71393 validation_dice=0.74840 best=0.74840
epoch=005 train_loss=0.54630 validation_dice=0.74315 best=0.74840
epoch=006 train_loss=0.43287 validation_dice=0.74977 best=0.74977
epoch=007 train_loss=0.36388 validation_dice=0.75422 best=0.75422
epoch=008 train_loss=0.31663 validation_dice=0.75106 best=0.75422
epoch=009 train_loss=0.28966 validation_dice=0.74369 best=0.75422
epoch=010 train_loss=0.25800 validation_dice=0.75700 best=0.75700
epoch=011 train_loss=0.24015 validation_dice=0.74819 best=0.75700
epoch=012 train_loss=0.21538 validation_dice=0.74972 best=0.75700
epoch=013 train_loss=0.20185 validation_dice=0.75131 best=0.75700
epoch=014 train_loss=0.18128 validation_dice=0.75600 best=0.75700
epoch=015 train_loss=0.15980 validation_dice=0.74828 best=0.75700
epoch=016 train_loss=0.13448 validation_dice=0.75331 best=0.75700
epoch=017 train_loss=0.11395 validation_dice=0.75250 best=0.75700
epoch=018 train_loss=0.10390 validation_dice=0.74649 best=0.75700
epoch=019 train_loss=0.08405 validation_dice=0.75466 best=0.75700
epoch=020 train_loss=0.07215 validation_dice=0.74889 best=0.75700
epoch=021 train_loss=0.06696 validation_dice=0.75364 best=0.75700
epoch=022 train_loss=0.06682 validation_dice=0.74575 best=0.75700
                method_id  k  strategy  n_patients  n_patient_observations  mean_hidden_dice  mean_hidden_hd95_px  mean_area_curve_relative_rmse  mean_hidden_brier  mean_hidden_area_95_coverage  trust_gate_rejection_rate  mean_runtime_s
oa_hb_tpm_isotropic_prior  2 clustered          20                     100          0.742895             9.845720                       0.360186           0.038508                      0.960455                       1.00        0.038044
oa_hb_tpm_isotropic_prior  2    random          20                     100          0.742918             9.807935                       0.356640           0.038393                      0.944545                       0.99        0.038112
oa_hb_tpm_isotropic_prior  2   uniform          20                      20          0.741093             9.724851                       0.326309           0.037648                      0.927273                       0.05        0.041114
Checkpoint: private_data/ted_full/runs/oa_hb_tpm_isotropic_prior/fold0_k2_all_strategies/checkpoints/best_model.pt
