epoch=000 train_loss=1.49902 validation_dice=0.62003 best=0.62003
epoch=001 train_loss=1.34226 validation_dice=0.71808 best=0.71808
epoch=002 train_loss=1.14329 validation_dice=0.72369 best=0.72369
epoch=003 train_loss=0.91581 validation_dice=0.72213 best=0.72369
epoch=004 train_loss=0.70921 validation_dice=0.72485 best=0.72485
epoch=005 train_loss=0.53964 validation_dice=0.72912 best=0.72912
epoch=006 train_loss=0.41867 validation_dice=0.72386 best=0.72912
epoch=007 train_loss=0.35249 validation_dice=0.71121 best=0.72912
epoch=008 train_loss=0.30729 validation_dice=0.72519 best=0.72912
epoch=009 train_loss=0.26812 validation_dice=0.72392 best=0.72912
epoch=010 train_loss=0.24183 validation_dice=0.72246 best=0.72912
epoch=011 train_loss=0.21946 validation_dice=0.72155 best=0.72912
epoch=012 train_loss=0.19759 validation_dice=0.72111 best=0.72912
epoch=013 train_loss=0.18550 validation_dice=0.72389 best=0.72912
epoch=014 train_loss=0.17167 validation_dice=0.72381 best=0.72912
epoch=015 train_loss=0.14937 validation_dice=0.72229 best=0.72912
epoch=016 train_loss=0.12444 validation_dice=0.72306 best=0.72912
epoch=017 train_loss=0.10739 validation_dice=0.72034 best=0.72912
  method_id  k  strategy  n_patients  n_patient_observations  mean_hidden_dice  mean_hidden_hd95_px  mean_area_curve_relative_rmse  mean_hidden_brier  mean_hidden_area_95_coverage  trust_gate_rejection_rate  mean_runtime_s
source_mean  3 clustered          19                      95          0.754829             9.562977                       0.951776           0.035989                           NaN                   0.663158        0.032352
source_mean  3    random          19                      95          0.752772             9.636188                       0.951776           0.036155                           NaN                   0.515789        0.032356
source_mean  3   uniform          19                      19          0.752259             9.618357                       0.951776           0.035994                           NaN                   0.105263        0.033106
Checkpoint: private_data/ted_full/runs/source_mean/fold3_k3_all_strategies/checkpoints/best_model.pt
