epoch=000 train_loss=1.49220 validation_dice=0.65123 best=0.65123
epoch=001 train_loss=1.33697 validation_dice=0.72471 best=0.72471
epoch=002 train_loss=1.13889 validation_dice=0.73770 best=0.73770
epoch=003 train_loss=0.91598 validation_dice=0.73769 best=0.73770
epoch=004 train_loss=0.70922 validation_dice=0.74373 best=0.74373
epoch=005 train_loss=0.54895 validation_dice=0.75558 best=0.75558
epoch=006 train_loss=0.44552 validation_dice=0.75493 best=0.75558
epoch=007 train_loss=0.36734 validation_dice=0.75658 best=0.75658
epoch=008 train_loss=0.32459 validation_dice=0.75390 best=0.75658
epoch=009 train_loss=0.29390 validation_dice=0.76347 best=0.76347
epoch=010 train_loss=0.27268 validation_dice=0.75619 best=0.76347
epoch=011 train_loss=0.25231 validation_dice=0.76182 best=0.76347
epoch=012 train_loss=0.23071 validation_dice=0.76012 best=0.76347
epoch=013 train_loss=0.21595 validation_dice=0.75863 best=0.76347
epoch=014 train_loss=0.19031 validation_dice=0.75750 best=0.76347
epoch=015 train_loss=0.17406 validation_dice=0.75896 best=0.76347
epoch=016 train_loss=0.15356 validation_dice=0.76021 best=0.76347
epoch=017 train_loss=0.13510 validation_dice=0.75777 best=0.76347
epoch=018 train_loss=0.11464 validation_dice=0.75911 best=0.76347
epoch=019 train_loss=0.10048 validation_dice=0.76043 best=0.76347
epoch=020 train_loss=0.09527 validation_dice=0.75908 best=0.76347
epoch=021 train_loss=0.08573 validation_dice=0.75838 best=0.76347
  method_id  k  strategy  n_patients  n_patient_observations  mean_hidden_dice  mean_hidden_hd95_px  mean_area_curve_relative_rmse  mean_hidden_brier  mean_hidden_area_95_coverage  trust_gate_rejection_rate  mean_runtime_s
source_mean  5 clustered          20                     100          0.769479             9.082075                       0.352862           0.030155                           NaN                       0.65        0.031158
source_mean  5    random          20                     100          0.767031             9.112688                       0.352862           0.030153                           NaN                       0.55        0.030996
source_mean  5   uniform          20                      20          0.766660             9.083776                       0.352862           0.029897                           NaN                       0.00        0.031445
Checkpoint: private_data/ted_full/runs/source_mean/fold2_k5_all_strategies/checkpoints/best_model.pt
