epoch=000 train_loss=1.49219 validation_dice=0.65112 best=0.65112
epoch=001 train_loss=1.33696 validation_dice=0.72471 best=0.72471
epoch=002 train_loss=1.13888 validation_dice=0.73770 best=0.73770
epoch=003 train_loss=0.91601 validation_dice=0.73758 best=0.73770
epoch=004 train_loss=0.70932 validation_dice=0.74361 best=0.74361
epoch=005 train_loss=0.54916 validation_dice=0.75495 best=0.75495
epoch=006 train_loss=0.44578 validation_dice=0.75441 best=0.75495
epoch=007 train_loss=0.36755 validation_dice=0.75631 best=0.75631
epoch=008 train_loss=0.32476 validation_dice=0.75356 best=0.75631
epoch=009 train_loss=0.29425 validation_dice=0.76321 best=0.76321
epoch=010 train_loss=0.27295 validation_dice=0.75610 best=0.76321
epoch=011 train_loss=0.25252 validation_dice=0.76165 best=0.76321
epoch=012 train_loss=0.23126 validation_dice=0.76006 best=0.76321
epoch=013 train_loss=0.21605 validation_dice=0.75856 best=0.76321
epoch=014 train_loss=0.19043 validation_dice=0.75739 best=0.76321
epoch=015 train_loss=0.17405 validation_dice=0.75885 best=0.76321
epoch=016 train_loss=0.15389 validation_dice=0.76001 best=0.76321
epoch=017 train_loss=0.13558 validation_dice=0.75778 best=0.76321
epoch=018 train_loss=0.11499 validation_dice=0.75893 best=0.76321
epoch=019 train_loss=0.10129 validation_dice=0.76031 best=0.76321
epoch=020 train_loss=0.09540 validation_dice=0.75913 best=0.76321
epoch=021 train_loss=0.08545 validation_dice=0.75837 best=0.76321
  method_id  k  strategy  n_patients  n_patient_observations  mean_hidden_dice  mean_hidden_hd95_px  mean_area_curve_relative_rmse  mean_hidden_brier  mean_hidden_area_95_coverage  trust_gate_rejection_rate  mean_runtime_s
source_mean  2 clustered          20                     100          0.767557             9.108907                       0.353465           0.030133                           NaN                       0.52        0.034891
source_mean  2    random          20                     100          0.766802             9.121385                       0.353465           0.030134                           NaN                       0.44        0.034980
source_mean  2   uniform          20                      20          0.765121             9.108410                       0.353464           0.029862                           NaN                       0.05        0.037500
Checkpoint: private_data/ted_full/runs/source_mean/fold2_k2_all_strategies/checkpoints/best_model.pt
