epoch=000 train_loss=1.50290 validation_dice=0.63070 best=0.63070
epoch=001 train_loss=1.34712 validation_dice=0.73776 best=0.73776
epoch=002 train_loss=1.14526 validation_dice=0.74301 best=0.74301
epoch=003 train_loss=0.91853 validation_dice=0.74140 best=0.74301
epoch=004 train_loss=0.70944 validation_dice=0.74504 best=0.74504
epoch=005 train_loss=0.53568 validation_dice=0.73845 best=0.74504
epoch=006 train_loss=0.41679 validation_dice=0.74230 best=0.74504
epoch=007 train_loss=0.34073 validation_dice=0.74317 best=0.74504
epoch=008 train_loss=0.28762 validation_dice=0.73970 best=0.74504
epoch=009 train_loss=0.25313 validation_dice=0.73633 best=0.74504
epoch=010 train_loss=0.22963 validation_dice=0.73131 best=0.74504
epoch=011 train_loss=0.20517 validation_dice=0.73892 best=0.74504
epoch=012 train_loss=0.18295 validation_dice=0.73102 best=0.74504
epoch=013 train_loss=0.16868 validation_dice=0.73607 best=0.74504
epoch=014 train_loss=0.14397 validation_dice=0.73669 best=0.74504
epoch=015 train_loss=0.12817 validation_dice=0.73505 best=0.74504
epoch=016 train_loss=0.11212 validation_dice=0.73195 best=0.74504
  method_id  k  strategy  n_patients  n_patient_observations  mean_hidden_dice  mean_hidden_hd95_px  mean_area_curve_relative_rmse  mean_hidden_brier  mean_hidden_area_95_coverage  trust_gate_rejection_rate  mean_runtime_s
source_mean  7 clustered          19                      95          0.729260            11.427034                       1.043496           0.049060                           NaN                   0.473684        0.028195
source_mean  7    random          19                      95          0.724143            11.400865                       1.043496           0.049035                           NaN                   0.263158        0.028288
source_mean  7   uniform          19                      19          0.724356            11.361561                       1.043496           0.048874                           NaN                   0.105263        0.028987
Checkpoint: private_data/ted_full/runs/source_mean/fold4_k7_all_strategies/checkpoints/best_model.pt
