epoch=000 train_loss=1.49301 validation_dice=0.65732 best=0.65732
epoch=001 train_loss=1.34005 validation_dice=0.73471 best=0.73471
epoch=002 train_loss=1.14007 validation_dice=0.74331 best=0.74331
epoch=003 train_loss=0.91466 validation_dice=0.73897 best=0.74331
epoch=004 train_loss=0.71284 validation_dice=0.75441 best=0.75441
epoch=005 train_loss=0.55413 validation_dice=0.76415 best=0.76415
epoch=006 train_loss=0.43804 validation_dice=0.76771 best=0.76771
epoch=007 train_loss=0.37446 validation_dice=0.76054 best=0.76771
epoch=008 train_loss=0.31869 validation_dice=0.76525 best=0.76771
epoch=009 train_loss=0.29453 validation_dice=0.76386 best=0.76771
epoch=010 train_loss=0.26813 validation_dice=0.76923 best=0.76923
epoch=011 train_loss=0.24438 validation_dice=0.76636 best=0.76923
epoch=012 train_loss=0.22428 validation_dice=0.76811 best=0.76923
epoch=013 train_loss=0.20966 validation_dice=0.77131 best=0.77131
epoch=014 train_loss=0.18293 validation_dice=0.76500 best=0.77131
epoch=015 train_loss=0.16841 validation_dice=0.76787 best=0.77131
epoch=016 train_loss=0.14650 validation_dice=0.76945 best=0.77131
epoch=017 train_loss=0.12706 validation_dice=0.76647 best=0.77131
epoch=018 train_loss=0.11170 validation_dice=0.76390 best=0.77131
epoch=019 train_loss=0.10482 validation_dice=0.76959 best=0.77131
epoch=020 train_loss=0.09570 validation_dice=0.75897 best=0.77131
epoch=021 train_loss=0.09934 validation_dice=0.77074 best=0.77131
epoch=022 train_loss=0.08215 validation_dice=0.76295 best=0.77131
epoch=023 train_loss=0.06771 validation_dice=0.76663 best=0.77131
epoch=024 train_loss=0.08563 validation_dice=0.76961 best=0.77131
epoch=025 train_loss=0.07848 validation_dice=0.76436 best=0.77131
  method_id  k  strategy  n_patients  n_patient_observations  mean_hidden_dice  mean_hidden_hd95_px  mean_area_curve_relative_rmse  mean_hidden_brier  mean_hidden_area_95_coverage  trust_gate_rejection_rate  mean_runtime_s
source_mean 10 clustered          20                     100          0.756203             9.078462                       0.314824           0.033043                           NaN                       0.19        0.024255
source_mean 10    random          20                     100          0.753459             9.082952                       0.314824           0.032512                           NaN                       0.34        0.024331
source_mean 10   uniform          20                      20          0.753117             9.090369                       0.314824           0.032403                           NaN                       0.10        0.024878
Checkpoint: private_data/ted_full/runs/source_mean/fold1_k10_all_strategies/checkpoints/best_model.pt
