epoch=000 train_loss=1.50310 validation_dice=0.62713 best=0.62713
epoch=001 train_loss=1.34819 validation_dice=0.73903 best=0.73903
epoch=002 train_loss=1.14713 validation_dice=0.74338 best=0.74338
epoch=003 train_loss=0.92080 validation_dice=0.74084 best=0.74338
epoch=004 train_loss=0.71204 validation_dice=0.74389 best=0.74389
epoch=005 train_loss=0.53942 validation_dice=0.73719 best=0.74389
epoch=006 train_loss=0.42241 validation_dice=0.74002 best=0.74389
epoch=007 train_loss=0.34753 validation_dice=0.74105 best=0.74389
epoch=008 train_loss=0.29587 validation_dice=0.73759 best=0.74389
epoch=009 train_loss=0.26167 validation_dice=0.73436 best=0.74389
epoch=010 train_loss=0.23790 validation_dice=0.72952 best=0.74389
epoch=011 train_loss=0.21276 validation_dice=0.73574 best=0.74389
epoch=012 train_loss=0.18994 validation_dice=0.72956 best=0.74389
epoch=013 train_loss=0.17487 validation_dice=0.73431 best=0.74389
epoch=014 train_loss=0.14835 validation_dice=0.73444 best=0.74389
epoch=015 train_loss=0.13074 validation_dice=0.73311 best=0.74389
epoch=016 train_loss=0.11592 validation_dice=0.72595 best=0.74389
                   method_id  k  strategy  n_patients  n_patient_observations  mean_hidden_dice  mean_hidden_hd95_px  mean_area_curve_relative_rmse  mean_hidden_brier  mean_hidden_area_95_coverage  trust_gate_rejection_rate  mean_runtime_s
oa_hb_tpm_no_phase_alignment  2 clustered          19                      95          0.724260            11.458433                       1.048340           0.049389                      0.005263                   1.000000        0.039007
oa_hb_tpm_no_phase_alignment  2    random          19                      95          0.723914            11.396128                       1.047692           0.049275                      0.008134                   0.884211        0.039051
oa_hb_tpm_no_phase_alignment  2   uniform          19                      19          0.722459            11.353522                       1.045341           0.049090                      0.007177                   0.052632        0.043842
Checkpoint: private_data/ted_full/runs/oa_hb_tpm_no_phase_alignment/fold4_k2_all_strategies/checkpoints/best_model.pt
