epoch=000 train_loss=1.50108 validation_dice=0.63120 best=0.63120
epoch=001 train_loss=1.34470 validation_dice=0.72830 best=0.72830
epoch=002 train_loss=1.14641 validation_dice=0.74004 best=0.74004
epoch=003 train_loss=0.92413 validation_dice=0.74159 best=0.74159
epoch=004 train_loss=0.71897 validation_dice=0.74705 best=0.74705
epoch=005 train_loss=0.55146 validation_dice=0.74423 best=0.74705
epoch=006 train_loss=0.43892 validation_dice=0.74935 best=0.74935
epoch=007 train_loss=0.37148 validation_dice=0.75299 best=0.75299
epoch=008 train_loss=0.32545 validation_dice=0.74851 best=0.75299
epoch=009 train_loss=0.30030 validation_dice=0.74165 best=0.75299
epoch=010 train_loss=0.27094 validation_dice=0.75419 best=0.75419
epoch=011 train_loss=0.25213 validation_dice=0.74604 best=0.75419
epoch=012 train_loss=0.22868 validation_dice=0.74928 best=0.75419
epoch=013 train_loss=0.21446 validation_dice=0.74830 best=0.75419
epoch=014 train_loss=0.19713 validation_dice=0.75293 best=0.75419
epoch=015 train_loss=0.17751 validation_dice=0.74863 best=0.75419
epoch=016 train_loss=0.15362 validation_dice=0.75184 best=0.75419
epoch=017 train_loss=0.13479 validation_dice=0.74887 best=0.75419
epoch=018 train_loss=0.12225 validation_dice=0.74663 best=0.75419
epoch=019 train_loss=0.10336 validation_dice=0.75173 best=0.75419
epoch=020 train_loss=0.09252 validation_dice=0.74898 best=0.75419
epoch=021 train_loss=0.08519 validation_dice=0.75064 best=0.75419
epoch=022 train_loss=0.08247 validation_dice=0.74693 best=0.75419
                   method_id  k  strategy  n_patients  n_patient_observations  mean_hidden_dice  mean_hidden_hd95_px  mean_area_curve_relative_rmse  mean_hidden_brier  mean_hidden_area_95_coverage  trust_gate_rejection_rate  mean_runtime_s
oa_hb_tpm_no_phase_alignment  7 clustered          20                     100          0.742237             9.946753                       0.350208           0.039190                      0.651765                       1.00        0.032454
oa_hb_tpm_no_phase_alignment  7    random          20                     100          0.740775             9.913313                       0.350858           0.038808                      0.343529                       1.00        0.032374
oa_hb_tpm_no_phase_alignment  7   uniform          20                      20          0.741091             9.879807                       0.351221           0.038472                      0.094118                       0.05        0.035168
Checkpoint: private_data/ted_full/runs/oa_hb_tpm_no_phase_alignment/fold0_k7_all_strategies/checkpoints/best_model.pt
