epoch=000 train_loss=1.50487 validation_dice=0.63128 best=0.63128
epoch=001 train_loss=1.34984 validation_dice=0.73808 best=0.73808
epoch=002 train_loss=1.14845 validation_dice=0.74206 best=0.74206
epoch=003 train_loss=0.92331 validation_dice=0.73895 best=0.74206
epoch=004 train_loss=0.71556 validation_dice=0.74311 best=0.74311
epoch=005 train_loss=0.54351 validation_dice=0.73752 best=0.74311
epoch=006 train_loss=0.42611 validation_dice=0.73483 best=0.74311
epoch=007 train_loss=0.35441 validation_dice=0.74127 best=0.74311
epoch=008 train_loss=0.30387 validation_dice=0.73868 best=0.74311
epoch=009 train_loss=0.26993 validation_dice=0.73233 best=0.74311
epoch=010 train_loss=0.24510 validation_dice=0.73040 best=0.74311
epoch=011 train_loss=0.22231 validation_dice=0.73576 best=0.74311
epoch=012 train_loss=0.20068 validation_dice=0.73036 best=0.74311
epoch=013 train_loss=0.18673 validation_dice=0.73483 best=0.74311
epoch=014 train_loss=0.16260 validation_dice=0.73405 best=0.74311
epoch=015 train_loss=0.14737 validation_dice=0.73421 best=0.74311
epoch=016 train_loss=0.13139 validation_dice=0.72839 best=0.74311
                   method_id  k  strategy  n_patients  n_patient_observations  mean_hidden_dice  mean_hidden_hd95_px  mean_area_curve_relative_rmse  mean_hidden_brier  mean_hidden_area_95_coverage  trust_gate_rejection_rate  mean_runtime_s
oa_hb_tpm_no_phase_alignment  5 clustered          19                      95          0.724583            11.656198                       1.049477           0.049952                      0.012742                   0.715789        0.034217
oa_hb_tpm_no_phase_alignment  5    random          19                      95          0.723560            11.545472                       1.048915           0.049735                      0.014958                   0.263158        0.034280
oa_hb_tpm_no_phase_alignment  5   uniform          19                      19          0.722015            11.543616                       1.048608           0.049660                      0.008310                   0.052632        0.036818
Checkpoint: private_data/ted_full/runs/oa_hb_tpm_no_phase_alignment/fold4_k5_all_strategies/checkpoints/best_model.pt
