epoch=000 train_loss=1.49376 validation_dice=0.64827 best=0.64827
epoch=001 train_loss=1.34104 validation_dice=0.73298 best=0.73298
epoch=002 train_loss=1.14146 validation_dice=0.74229 best=0.74229
epoch=003 train_loss=0.91755 validation_dice=0.73907 best=0.74229
epoch=004 train_loss=0.71659 validation_dice=0.75087 best=0.75087
epoch=005 train_loss=0.55965 validation_dice=0.76024 best=0.76024
epoch=006 train_loss=0.44522 validation_dice=0.76523 best=0.76523
epoch=007 train_loss=0.38300 validation_dice=0.75823 best=0.76523
epoch=008 train_loss=0.32819 validation_dice=0.76272 best=0.76523
epoch=009 train_loss=0.30446 validation_dice=0.76086 best=0.76523
epoch=010 train_loss=0.27866 validation_dice=0.76646 best=0.76646
epoch=011 train_loss=0.25689 validation_dice=0.76233 best=0.76646
epoch=012 train_loss=0.23577 validation_dice=0.76553 best=0.76646
epoch=013 train_loss=0.22053 validation_dice=0.76812 best=0.76812
epoch=014 train_loss=0.19427 validation_dice=0.76334 best=0.76812
epoch=015 train_loss=0.17841 validation_dice=0.76563 best=0.76812
epoch=016 train_loss=0.15545 validation_dice=0.76681 best=0.76812
epoch=017 train_loss=0.13561 validation_dice=0.76480 best=0.76812
epoch=018 train_loss=0.11875 validation_dice=0.76242 best=0.76812
epoch=019 train_loss=0.10973 validation_dice=0.76702 best=0.76812
epoch=020 train_loss=0.09959 validation_dice=0.75901 best=0.76812
epoch=021 train_loss=0.10077 validation_dice=0.76923 best=0.76923
epoch=022 train_loss=0.08732 validation_dice=0.76386 best=0.76923
epoch=023 train_loss=0.07711 validation_dice=0.76625 best=0.76923
epoch=024 train_loss=0.09315 validation_dice=0.76890 best=0.76923
epoch=025 train_loss=0.08715 validation_dice=0.76554 best=0.76923
epoch=026 train_loss=0.09154 validation_dice=0.76502 best=0.76923
epoch=027 train_loss=0.08805 validation_dice=0.76721 best=0.76923
epoch=028 train_loss=0.08667 validation_dice=0.76802 best=0.76923
epoch=029 train_loss=0.07963 validation_dice=0.76825 best=0.76923
epoch=030 train_loss=0.08657 validation_dice=0.76341 best=0.76923
epoch=031 train_loss=0.07966 validation_dice=0.76600 best=0.76923
epoch=032 train_loss=0.08220 validation_dice=0.76882 best=0.76923
epoch=033 train_loss=0.09215 validation_dice=0.76395 best=0.76923
                   method_id  k  strategy  n_patients  n_patient_observations  mean_hidden_dice  mean_hidden_hd95_px  mean_area_curve_relative_rmse  mean_hidden_brier  mean_hidden_area_95_coverage  trust_gate_rejection_rate  mean_runtime_s
oa_hb_tpm_no_phase_alignment  3 clustered          20                     100          0.752107             9.225498                       0.331239           0.033157                      0.961905                       0.97        0.037678
oa_hb_tpm_no_phase_alignment  3    random          20                     100          0.752011             9.213248                       0.325836           0.032862                      0.935714                       0.49        0.037629
oa_hb_tpm_no_phase_alignment  3   uniform          20                      20          0.751454             9.211231                       0.327160           0.032795                      0.942857                       0.05        0.040233
Checkpoint: private_data/ted_full/runs/oa_hb_tpm_no_phase_alignment/fold1_k3_all_strategies/checkpoints/best_model.pt
