epoch=000 train_loss=1.49468 validation_dice=0.64188 best=0.64188
epoch=001 train_loss=1.34178 validation_dice=0.73064 best=0.73064
epoch=002 train_loss=1.14187 validation_dice=0.74236 best=0.74236
epoch=003 train_loss=0.91913 validation_dice=0.74171 best=0.74236
epoch=004 train_loss=0.71845 validation_dice=0.75093 best=0.75093
epoch=005 train_loss=0.56192 validation_dice=0.76039 best=0.76039
epoch=006 train_loss=0.44794 validation_dice=0.76599 best=0.76599
epoch=007 train_loss=0.38632 validation_dice=0.75841 best=0.76599
epoch=008 train_loss=0.33143 validation_dice=0.76256 best=0.76599
epoch=009 train_loss=0.30796 validation_dice=0.76042 best=0.76599
epoch=010 train_loss=0.28313 validation_dice=0.76685 best=0.76685
epoch=011 train_loss=0.26067 validation_dice=0.76262 best=0.76685
epoch=012 train_loss=0.24112 validation_dice=0.76531 best=0.76685
epoch=013 train_loss=0.22663 validation_dice=0.76824 best=0.76824
epoch=014 train_loss=0.20174 validation_dice=0.76317 best=0.76824
epoch=015 train_loss=0.18725 validation_dice=0.76497 best=0.76824
epoch=016 train_loss=0.16449 validation_dice=0.76668 best=0.76824
epoch=017 train_loss=0.14451 validation_dice=0.76514 best=0.76824
epoch=018 train_loss=0.12790 validation_dice=0.76229 best=0.76824
epoch=019 train_loss=0.11873 validation_dice=0.76690 best=0.76824
epoch=020 train_loss=0.10853 validation_dice=0.76033 best=0.76824
epoch=021 train_loss=0.10950 validation_dice=0.76823 best=0.76824
epoch=022 train_loss=0.09508 validation_dice=0.76444 best=0.76824
epoch=023 train_loss=0.08401 validation_dice=0.76623 best=0.76824
epoch=024 train_loss=0.09997 validation_dice=0.76904 best=0.76904
epoch=025 train_loss=0.09429 validation_dice=0.76548 best=0.76904
epoch=026 train_loss=0.09913 validation_dice=0.76332 best=0.76904
epoch=027 train_loss=0.09514 validation_dice=0.76624 best=0.76904
epoch=028 train_loss=0.09358 validation_dice=0.76759 best=0.76904
epoch=029 train_loss=0.08666 validation_dice=0.76764 best=0.76904
epoch=030 train_loss=0.09393 validation_dice=0.76266 best=0.76904
epoch=031 train_loss=0.08656 validation_dice=0.76548 best=0.76904
epoch=032 train_loss=0.08940 validation_dice=0.76833 best=0.76904
epoch=033 train_loss=0.09959 validation_dice=0.76355 best=0.76904
epoch=034 train_loss=0.08597 validation_dice=0.76537 best=0.76904
epoch=035 train_loss=0.08604 validation_dice=0.76803 best=0.76904
epoch=036 train_loss=0.08518 validation_dice=0.76784 best=0.76904
                   method_id  k  strategy  n_patients  n_patient_observations  mean_hidden_dice  mean_hidden_hd95_px  mean_area_curve_relative_rmse  mean_hidden_brier  mean_hidden_area_95_coverage  trust_gate_rejection_rate  mean_runtime_s
oa_hb_tpm_no_phase_alignment  5 clustered          20                     100          0.752530             9.256188                       0.332884           0.033499                      0.653158                       1.00        0.034899
oa_hb_tpm_no_phase_alignment  5    random          20                     100          0.750655             9.275573                       0.332333           0.033249                      0.762632                       0.73        0.034843
oa_hb_tpm_no_phase_alignment  5   uniform          20                      20          0.751474             9.184424                       0.316804           0.032725                      0.881579                       0.05        0.037218
Checkpoint: private_data/ted_full/runs/oa_hb_tpm_no_phase_alignment/fold1_k5_all_strategies/checkpoints/best_model.pt
