epoch=000 train_loss=1.50108 validation_dice=0.63120 best=0.63120
epoch=001 train_loss=1.34470 validation_dice=0.72831 best=0.72831
epoch=002 train_loss=1.14642 validation_dice=0.74003 best=0.74003
epoch=003 train_loss=0.92413 validation_dice=0.74159 best=0.74159
epoch=004 train_loss=0.71898 validation_dice=0.74705 best=0.74705
epoch=005 train_loss=0.55146 validation_dice=0.74423 best=0.74705
epoch=006 train_loss=0.43892 validation_dice=0.74934 best=0.74934
epoch=007 train_loss=0.37148 validation_dice=0.75301 best=0.75301
epoch=008 train_loss=0.32545 validation_dice=0.74852 best=0.75301
epoch=009 train_loss=0.30030 validation_dice=0.74167 best=0.75301
epoch=010 train_loss=0.27095 validation_dice=0.75416 best=0.75416
epoch=011 train_loss=0.25213 validation_dice=0.74604 best=0.75416
epoch=012 train_loss=0.22869 validation_dice=0.74925 best=0.75416
epoch=013 train_loss=0.21445 validation_dice=0.74830 best=0.75416
epoch=014 train_loss=0.19712 validation_dice=0.75293 best=0.75416
epoch=015 train_loss=0.17751 validation_dice=0.74863 best=0.75416
epoch=016 train_loss=0.15363 validation_dice=0.75182 best=0.75416
epoch=017 train_loss=0.13478 validation_dice=0.74886 best=0.75416
epoch=018 train_loss=0.12224 validation_dice=0.74664 best=0.75416
epoch=019 train_loss=0.10335 validation_dice=0.75173 best=0.75416
epoch=020 train_loss=0.09251 validation_dice=0.74898 best=0.75416
epoch=021 train_loss=0.08519 validation_dice=0.75067 best=0.75416
epoch=022 train_loss=0.08248 validation_dice=0.74693 best=0.75416
    method_id  k  strategy  n_patients  n_patient_observations  mean_hidden_dice  mean_hidden_hd95_px  mean_area_curve_relative_rmse  mean_hidden_brier  mean_hidden_area_95_coverage  trust_gate_rejection_rate  mean_runtime_s
oa_hb_tpm_map  7 clustered          20                     100          0.742213             9.946685                       0.350221           0.039191                      0.652941                       1.00        0.030812
oa_hb_tpm_map  7    random          20                     100          0.740756             9.913518                       0.350873           0.038808                      0.340588                       1.00        0.030940
oa_hb_tpm_map  7   uniform          20                      20          0.741072             9.879454                       0.351234           0.038472                      0.091176                       0.05        0.031999
Checkpoint: private_data/ted_full/runs/oa_hb_tpm_map/fold0_k7_all_strategies/checkpoints/best_model.pt
