epoch=000 train_loss=1.49468 validation_dice=0.64188 best=0.64188
epoch=001 train_loss=1.34178 validation_dice=0.73063 best=0.73063
epoch=002 train_loss=1.14187 validation_dice=0.74236 best=0.74236
epoch=003 train_loss=0.91913 validation_dice=0.74172 best=0.74236
epoch=004 train_loss=0.71845 validation_dice=0.75093 best=0.75093
epoch=005 train_loss=0.56192 validation_dice=0.76038 best=0.76038
epoch=006 train_loss=0.44793 validation_dice=0.76598 best=0.76598
epoch=007 train_loss=0.38632 validation_dice=0.75841 best=0.76598
epoch=008 train_loss=0.33143 validation_dice=0.76257 best=0.76598
epoch=009 train_loss=0.30795 validation_dice=0.76044 best=0.76598
epoch=010 train_loss=0.28313 validation_dice=0.76685 best=0.76685
epoch=011 train_loss=0.26067 validation_dice=0.76261 best=0.76685
epoch=012 train_loss=0.24112 validation_dice=0.76531 best=0.76685
epoch=013 train_loss=0.22663 validation_dice=0.76822 best=0.76822
epoch=014 train_loss=0.20174 validation_dice=0.76318 best=0.76822
epoch=015 train_loss=0.18724 validation_dice=0.76495 best=0.76822
epoch=016 train_loss=0.16448 validation_dice=0.76668 best=0.76822
epoch=017 train_loss=0.14448 validation_dice=0.76516 best=0.76822
epoch=018 train_loss=0.12788 validation_dice=0.76230 best=0.76822
epoch=019 train_loss=0.11873 validation_dice=0.76689 best=0.76822
epoch=020 train_loss=0.10855 validation_dice=0.76031 best=0.76822
epoch=021 train_loss=0.10949 validation_dice=0.76822 best=0.76822
epoch=022 train_loss=0.09511 validation_dice=0.76440 best=0.76822
epoch=023 train_loss=0.08402 validation_dice=0.76625 best=0.76822
epoch=024 train_loss=0.09998 validation_dice=0.76905 best=0.76905
epoch=025 train_loss=0.09433 validation_dice=0.76547 best=0.76905
epoch=026 train_loss=0.09910 validation_dice=0.76326 best=0.76905
epoch=027 train_loss=0.09517 validation_dice=0.76627 best=0.76905
epoch=028 train_loss=0.09357 validation_dice=0.76759 best=0.76905
epoch=029 train_loss=0.08664 validation_dice=0.76765 best=0.76905
epoch=030 train_loss=0.09395 validation_dice=0.76269 best=0.76905
epoch=031 train_loss=0.08656 validation_dice=0.76552 best=0.76905
epoch=032 train_loss=0.08940 validation_dice=0.76837 best=0.76905
epoch=033 train_loss=0.09959 validation_dice=0.76358 best=0.76905
epoch=034 train_loss=0.08596 validation_dice=0.76538 best=0.76905
epoch=035 train_loss=0.08605 validation_dice=0.76807 best=0.76905
epoch=036 train_loss=0.08516 validation_dice=0.76785 best=0.76905
    method_id  k  strategy  n_patients  n_patient_observations  mean_hidden_dice  mean_hidden_hd95_px  mean_area_curve_relative_rmse  mean_hidden_brier  mean_hidden_area_95_coverage  trust_gate_rejection_rate  mean_runtime_s
oa_hb_tpm_map  5 clustered          20                     100          0.752530             9.256761                       0.333090           0.033500                      0.651053                       1.00        0.034111
oa_hb_tpm_map  5    random          20                     100          0.750672             9.275796                       0.332759           0.033257                      0.762632                       0.77        0.034122
oa_hb_tpm_map  5   uniform          20                      20          0.751507             9.183166                       0.317119           0.032729                      0.868421                       0.00        0.035219
Checkpoint: private_data/ted_full/runs/oa_hb_tpm_map/fold1_k5_all_strategies/checkpoints/best_model.pt
