epoch=000 train_loss=1.50310 validation_dice=0.62719 best=0.62719
epoch=001 train_loss=1.34819 validation_dice=0.73902 best=0.73902
epoch=002 train_loss=1.14713 validation_dice=0.74336 best=0.74336
epoch=003 train_loss=0.92080 validation_dice=0.74082 best=0.74336
epoch=004 train_loss=0.71205 validation_dice=0.74385 best=0.74385
epoch=005 train_loss=0.53944 validation_dice=0.73714 best=0.74385
epoch=006 train_loss=0.42242 validation_dice=0.73997 best=0.74385
epoch=007 train_loss=0.34757 validation_dice=0.74096 best=0.74385
epoch=008 train_loss=0.29592 validation_dice=0.73759 best=0.74385
epoch=009 train_loss=0.26182 validation_dice=0.73423 best=0.74385
epoch=010 train_loss=0.23799 validation_dice=0.72965 best=0.74385
epoch=011 train_loss=0.21290 validation_dice=0.73573 best=0.74385
epoch=012 train_loss=0.19006 validation_dice=0.72961 best=0.74385
epoch=013 train_loss=0.17484 validation_dice=0.73425 best=0.74385
epoch=014 train_loss=0.14837 validation_dice=0.73457 best=0.74385
epoch=015 train_loss=0.13086 validation_dice=0.73321 best=0.74385
epoch=016 train_loss=0.11587 validation_dice=0.72566 best=0.74385
    method_id  k  strategy  n_patients  n_patient_observations  mean_hidden_dice  mean_hidden_hd95_px  mean_area_curve_relative_rmse  mean_hidden_brier  mean_hidden_area_95_coverage  trust_gate_rejection_rate  mean_runtime_s
oa_hb_tpm_map  2 clustered          19                      95          0.724252            11.458286                       1.048318           0.049391                      0.006699                   1.000000        0.037086
oa_hb_tpm_map  2    random          19                      95          0.723908            11.394710                       1.047732           0.049278                      0.007177                   0.884211        0.037088
oa_hb_tpm_map  2   uniform          19                      19          0.722431            11.353007                       1.045305           0.049094                      0.007177                   0.052632        0.040346
Checkpoint: private_data/ted_full/runs/oa_hb_tpm_map/fold4_k2_all_strategies/checkpoints/best_model.pt
