epoch=000 train_loss=1.49246 validation_dice=0.64073 best=0.64073
epoch=001 train_loss=1.33846 validation_dice=0.72993 best=0.72993
epoch=002 train_loss=1.13759 validation_dice=0.74219 best=0.74219
epoch=003 train_loss=0.91472 validation_dice=0.74180 best=0.74219
epoch=004 train_loss=0.71373 validation_dice=0.75040 best=0.75040
epoch=005 train_loss=0.55649 validation_dice=0.76019 best=0.76019
epoch=006 train_loss=0.44198 validation_dice=0.76561 best=0.76561
epoch=007 train_loss=0.37957 validation_dice=0.75812 best=0.76561
epoch=008 train_loss=0.32418 validation_dice=0.76219 best=0.76561
epoch=009 train_loss=0.29986 validation_dice=0.76044 best=0.76561
epoch=010 train_loss=0.27448 validation_dice=0.76653 best=0.76653
epoch=011 train_loss=0.25072 validation_dice=0.76229 best=0.76653
epoch=012 train_loss=0.23098 validation_dice=0.76529 best=0.76653
epoch=013 train_loss=0.21492 validation_dice=0.76764 best=0.76764
epoch=014 train_loss=0.18886 validation_dice=0.76313 best=0.76764
epoch=015 train_loss=0.17375 validation_dice=0.76448 best=0.76764
epoch=016 train_loss=0.15002 validation_dice=0.76609 best=0.76764
epoch=017 train_loss=0.12899 validation_dice=0.76463 best=0.76764
epoch=018 train_loss=0.11109 validation_dice=0.76157 best=0.76764
epoch=019 train_loss=0.10168 validation_dice=0.76659 best=0.76764
epoch=020 train_loss=0.08959 validation_dice=0.75901 best=0.76764
epoch=021 train_loss=0.09288 validation_dice=0.76689 best=0.76764
epoch=022 train_loss=0.08002 validation_dice=0.76375 best=0.76764
epoch=023 train_loss=0.06859 validation_dice=0.76458 best=0.76764
epoch=024 train_loss=0.08576 validation_dice=0.76826 best=0.76826
epoch=025 train_loss=0.07805 validation_dice=0.76410 best=0.76826
epoch=026 train_loss=0.08220 validation_dice=0.76398 best=0.76826
epoch=027 train_loss=0.07961 validation_dice=0.76480 best=0.76826
epoch=028 train_loss=0.07742 validation_dice=0.76612 best=0.76826
epoch=029 train_loss=0.07098 validation_dice=0.76767 best=0.76826
epoch=030 train_loss=0.07901 validation_dice=0.76214 best=0.76826
epoch=031 train_loss=0.07129 validation_dice=0.76466 best=0.76826
epoch=032 train_loss=0.07404 validation_dice=0.76756 best=0.76826
epoch=033 train_loss=0.08521 validation_dice=0.76218 best=0.76826
epoch=034 train_loss=0.07041 validation_dice=0.76375 best=0.76826
epoch=035 train_loss=0.07101 validation_dice=0.76660 best=0.76826
epoch=036 train_loss=0.07054 validation_dice=0.76637 best=0.76826
  method_id  k  strategy  n_patients  n_patient_observations  mean_hidden_dice  mean_hidden_hd95_px  mean_area_curve_relative_rmse  mean_hidden_brier  mean_hidden_area_95_coverage  trust_gate_rejection_rate  mean_runtime_s
target_only  5 clustered          20                     100          0.751586             9.252933                       0.336092           0.033513                      0.972632                       0.99        0.034172
target_only  5    random          20                     100          0.750466             9.278848                       0.338349           0.033343                      0.984737                       0.22        0.034328
target_only  5   uniform          20                      20          0.749144             9.281419                       0.329821           0.033076                      1.000000                       0.15        0.035337
Checkpoint: private_data/ted_full/runs/target_only/fold1_k5_all_strategies/checkpoints/best_model.pt
