epoch=000 train_loss=1.49786 validation_dice=0.62946 best=0.62946
epoch=001 train_loss=1.34122 validation_dice=0.73114 best=0.73114
epoch=002 train_loss=1.14266 validation_dice=0.74151 best=0.74151
epoch=003 train_loss=0.91850 validation_dice=0.74151 best=0.74151
epoch=004 train_loss=0.71218 validation_dice=0.74774 best=0.74774
epoch=005 train_loss=0.54436 validation_dice=0.74299 best=0.74774
epoch=006 train_loss=0.43079 validation_dice=0.74996 best=0.74996
epoch=007 train_loss=0.36191 validation_dice=0.75347 best=0.75347
epoch=008 train_loss=0.31502 validation_dice=0.74890 best=0.75347
epoch=009 train_loss=0.28830 validation_dice=0.74444 best=0.75347
epoch=010 train_loss=0.25752 validation_dice=0.75412 best=0.75412
epoch=011 train_loss=0.23789 validation_dice=0.74600 best=0.75412
epoch=012 train_loss=0.21362 validation_dice=0.75067 best=0.75412
epoch=013 train_loss=0.19623 validation_dice=0.74852 best=0.75412
epoch=014 train_loss=0.17539 validation_dice=0.75326 best=0.75412
epoch=015 train_loss=0.15594 validation_dice=0.74819 best=0.75412
epoch=016 train_loss=0.12801 validation_dice=0.75129 best=0.75412
epoch=017 train_loss=0.11037 validation_dice=0.74993 best=0.75412
epoch=018 train_loss=0.09713 validation_dice=0.74723 best=0.75412
epoch=019 train_loss=0.07812 validation_dice=0.75153 best=0.75412
epoch=020 train_loss=0.06607 validation_dice=0.74873 best=0.75412
epoch=021 train_loss=0.06213 validation_dice=0.75139 best=0.75412
epoch=022 train_loss=0.06316 validation_dice=0.74555 best=0.75412
  method_id  k  strategy  n_patients  n_patient_observations  mean_hidden_dice  mean_hidden_hd95_px  mean_area_curve_relative_rmse  mean_hidden_brier  mean_hidden_area_95_coverage  trust_gate_rejection_rate  mean_runtime_s
target_only  2 clustered          20                     100          0.740920             9.857644                       0.352561           0.038611                      0.532273                       1.00        0.039708
target_only  2    random          20                     100          0.741143             9.824951                       0.352334           0.038534                      0.516818                       0.96        0.039697
target_only  2   uniform          20                      20          0.739860             9.782964                       0.347522           0.038182                      0.527273                       0.15        0.043555
Checkpoint: private_data/ted_full/runs/target_only/fold0_k2_all_strategies/checkpoints/best_model.pt
