epoch=000 train_loss=1.49870 validation_dice=0.61510 best=0.61510
epoch=001 train_loss=1.34207 validation_dice=0.71891 best=0.71891
epoch=002 train_loss=1.14325 validation_dice=0.72217 best=0.72217
epoch=003 train_loss=0.91639 validation_dice=0.72086 best=0.72217
epoch=004 train_loss=0.71015 validation_dice=0.72477 best=0.72477
epoch=005 train_loss=0.54135 validation_dice=0.72776 best=0.72776
epoch=006 train_loss=0.42121 validation_dice=0.72287 best=0.72776
epoch=007 train_loss=0.35615 validation_dice=0.70738 best=0.72776
epoch=008 train_loss=0.31085 validation_dice=0.72167 best=0.72776
epoch=009 train_loss=0.27460 validation_dice=0.72169 best=0.72776
epoch=010 train_loss=0.24583 validation_dice=0.72003 best=0.72776
epoch=011 train_loss=0.22257 validation_dice=0.71954 best=0.72776
epoch=012 train_loss=0.20036 validation_dice=0.71841 best=0.72776
epoch=013 train_loss=0.18639 validation_dice=0.72162 best=0.72776
epoch=014 train_loss=0.17057 validation_dice=0.72024 best=0.72776
epoch=015 train_loss=0.14695 validation_dice=0.72109 best=0.72776
epoch=016 train_loss=0.12180 validation_dice=0.72031 best=0.72776
epoch=017 train_loss=0.10185 validation_dice=0.71941 best=0.72776
  method_id  k  strategy  n_patients  n_patient_observations  mean_hidden_dice  mean_hidden_hd95_px  mean_area_curve_relative_rmse  mean_hidden_brier  mean_hidden_area_95_coverage  trust_gate_rejection_rate  mean_runtime_s
target_only  3 clustered          19                      95          0.753377             9.635046                       0.960206           0.036328                      0.065163                   1.000000        0.038065
target_only  3    random          19                      95          0.751149             9.718891                       0.961073           0.036589                      0.075188                   0.726316        0.038066
target_only  3   uniform          19                      19          0.750763             9.696627                       0.961756           0.036450                      0.057644                   0.000000        0.039966
Checkpoint: private_data/ted_full/runs/target_only/fold3_k3_all_strategies/checkpoints/best_model.pt
