epoch=000 train_loss=1.49289 validation_dice=0.63816 best=0.63816
epoch=001 train_loss=1.33755 validation_dice=0.72178 best=0.72178
epoch=002 train_loss=1.13746 validation_dice=0.74061 best=0.74061
epoch=003 train_loss=0.91622 validation_dice=0.73841 best=0.74061
epoch=004 train_loss=0.71046 validation_dice=0.74132 best=0.74132
epoch=005 train_loss=0.55050 validation_dice=0.75336 best=0.75336
epoch=006 train_loss=0.44930 validation_dice=0.75130 best=0.75336
epoch=007 train_loss=0.37160 validation_dice=0.75272 best=0.75336
epoch=008 train_loss=0.32776 validation_dice=0.75113 best=0.75336
epoch=009 train_loss=0.29829 validation_dice=0.75792 best=0.75792
epoch=010 train_loss=0.27738 validation_dice=0.75318 best=0.75792
epoch=011 train_loss=0.25691 validation_dice=0.75762 best=0.75792
epoch=012 train_loss=0.23567 validation_dice=0.75632 best=0.75792
epoch=013 train_loss=0.21978 validation_dice=0.75483 best=0.75792
epoch=014 train_loss=0.19423 validation_dice=0.75389 best=0.75792
epoch=015 train_loss=0.17730 validation_dice=0.75593 best=0.75792
epoch=016 train_loss=0.15512 validation_dice=0.75710 best=0.75792
epoch=017 train_loss=0.13692 validation_dice=0.75513 best=0.75792
epoch=018 train_loss=0.11556 validation_dice=0.75607 best=0.75792
epoch=019 train_loss=0.10092 validation_dice=0.75749 best=0.75792
epoch=020 train_loss=0.09312 validation_dice=0.75729 best=0.75792
epoch=021 train_loss=0.08225 validation_dice=0.75599 best=0.75792
  method_id  k  strategy  n_patients  n_patient_observations  mean_hidden_dice  mean_hidden_hd95_px  mean_area_curve_relative_rmse  mean_hidden_brier  mean_hidden_area_95_coverage  trust_gate_rejection_rate  mean_runtime_s
target_only 10 clustered          20                     100          0.770656             9.265186                       0.390513           0.031259                      0.805714                       0.01        0.028828
target_only 10    random          20                     100          0.763682             9.336142                       0.390701           0.031058                      0.145714                       0.01        0.028827
target_only 10   uniform          20                      20          0.762752             9.368203                       0.390698           0.030997                      0.035714                       0.10        0.030707
Checkpoint: private_data/ted_full/runs/target_only/fold2_k10_all_strategies/checkpoints/best_model.pt
