epoch=000 train_loss=1.49955 validation_dice=0.62633 best=0.62633
epoch=001 train_loss=1.34307 validation_dice=0.72725 best=0.72725
epoch=002 train_loss=1.14363 validation_dice=0.73896 best=0.73896
epoch=003 train_loss=0.92007 validation_dice=0.74040 best=0.74040
epoch=004 train_loss=0.71339 validation_dice=0.74660 best=0.74660
epoch=005 train_loss=0.54410 validation_dice=0.74314 best=0.74660
epoch=006 train_loss=0.43052 validation_dice=0.75042 best=0.75042
epoch=007 train_loss=0.36237 validation_dice=0.75319 best=0.75319
epoch=008 train_loss=0.31442 validation_dice=0.74914 best=0.75319
epoch=009 train_loss=0.28818 validation_dice=0.74390 best=0.75319
epoch=010 train_loss=0.25778 validation_dice=0.75383 best=0.75383
epoch=011 train_loss=0.23714 validation_dice=0.74611 best=0.75383
epoch=012 train_loss=0.21339 validation_dice=0.75052 best=0.75383
epoch=013 train_loss=0.19685 validation_dice=0.74797 best=0.75383
epoch=014 train_loss=0.17752 validation_dice=0.75249 best=0.75383
epoch=015 train_loss=0.15808 validation_dice=0.74918 best=0.75383
epoch=016 train_loss=0.13113 validation_dice=0.75140 best=0.75383
epoch=017 train_loss=0.11324 validation_dice=0.74917 best=0.75383
epoch=018 train_loss=0.09986 validation_dice=0.74713 best=0.75383
epoch=019 train_loss=0.08210 validation_dice=0.75143 best=0.75383
epoch=020 train_loss=0.07148 validation_dice=0.74874 best=0.75383
epoch=021 train_loss=0.06721 validation_dice=0.75095 best=0.75383
epoch=022 train_loss=0.06403 validation_dice=0.74591 best=0.75383
  method_id  k  strategy  n_patients  n_patient_observations  mean_hidden_dice  mean_hidden_hd95_px  mean_area_curve_relative_rmse  mean_hidden_brier  mean_hidden_area_95_coverage  trust_gate_rejection_rate  mean_runtime_s
target_only 10 clustered          20                     100          0.743854             9.928088                       0.349227           0.039143                      0.805000                        0.0        0.028616
target_only 10    random          20                     100          0.741796             9.894996                       0.349273           0.038627                      0.126429                        0.0        0.028571
target_only 10   uniform          20                      20          0.740708             9.854816                       0.349265           0.038444                      0.032143                        0.0        0.030491
Checkpoint: private_data/ted_full/runs/target_only/fold0_k10_all_strategies/checkpoints/best_model.pt
