epoch=000 train_loss=1.49813 validation_dice=0.62976 best=0.62976
epoch=001 train_loss=1.34071 validation_dice=0.72786 best=0.72786
epoch=002 train_loss=1.14142 validation_dice=0.73950 best=0.73950
epoch=003 train_loss=0.91872 validation_dice=0.74138 best=0.74138
epoch=004 train_loss=0.71273 validation_dice=0.74684 best=0.74684
epoch=005 train_loss=0.54445 validation_dice=0.74440 best=0.74684
epoch=006 train_loss=0.43115 validation_dice=0.75003 best=0.75003
epoch=007 train_loss=0.36322 validation_dice=0.75323 best=0.75323
epoch=008 train_loss=0.31530 validation_dice=0.74827 best=0.75323
epoch=009 train_loss=0.28978 validation_dice=0.74265 best=0.75323
epoch=010 train_loss=0.25956 validation_dice=0.75412 best=0.75412
epoch=011 train_loss=0.23909 validation_dice=0.74638 best=0.75412
epoch=012 train_loss=0.21499 validation_dice=0.74949 best=0.75412
epoch=013 train_loss=0.19917 validation_dice=0.74847 best=0.75412
epoch=014 train_loss=0.17981 validation_dice=0.75298 best=0.75412
epoch=015 train_loss=0.15982 validation_dice=0.74840 best=0.75412
epoch=016 train_loss=0.13327 validation_dice=0.75182 best=0.75412
epoch=017 train_loss=0.11467 validation_dice=0.74896 best=0.75412
epoch=018 train_loss=0.10071 validation_dice=0.74699 best=0.75412
epoch=019 train_loss=0.08103 validation_dice=0.75169 best=0.75412
epoch=020 train_loss=0.06877 validation_dice=0.74872 best=0.75412
epoch=021 train_loss=0.06339 validation_dice=0.75132 best=0.75412
epoch=022 train_loss=0.06228 validation_dice=0.74672 best=0.75412
  method_id  k  strategy  n_patients  n_patient_observations  mean_hidden_dice  mean_hidden_hd95_px  mean_area_curve_relative_rmse  mean_hidden_brier  mean_hidden_area_95_coverage  trust_gate_rejection_rate  mean_runtime_s
target_only  5 clustered          20                     100          0.742830             9.879449                       0.349840           0.038671                      0.834211                       1.00        0.035483
target_only  5    random          20                     100          0.741796             9.862783                       0.350322           0.038591                      0.824211                       0.50        0.035476
target_only  5   uniform          20                      20          0.740787             9.858247                       0.348204           0.038387                      0.828947                       0.05        0.037322
Checkpoint: private_data/ted_full/runs/target_only/fold0_k5_all_strategies/checkpoints/best_model.pt
