epoch=000 train_loss=1.49189 validation_dice=0.63744 best=0.63744
epoch=001 train_loss=1.33537 validation_dice=0.72181 best=0.72181
epoch=002 train_loss=1.13597 validation_dice=0.73955 best=0.73955
epoch=003 train_loss=0.91567 validation_dice=0.73786 best=0.73955
epoch=004 train_loss=0.71091 validation_dice=0.74192 best=0.74192
epoch=005 train_loss=0.55113 validation_dice=0.75325 best=0.75325
epoch=006 train_loss=0.45025 validation_dice=0.75119 best=0.75325
epoch=007 train_loss=0.37202 validation_dice=0.75296 best=0.75325
epoch=008 train_loss=0.32945 validation_dice=0.75110 best=0.75325
epoch=009 train_loss=0.30051 validation_dice=0.75808 best=0.75808
epoch=010 train_loss=0.27854 validation_dice=0.75312 best=0.75808
epoch=011 train_loss=0.25861 validation_dice=0.75853 best=0.75853
epoch=012 train_loss=0.23756 validation_dice=0.75719 best=0.75853
epoch=013 train_loss=0.22209 validation_dice=0.75532 best=0.75853
epoch=014 train_loss=0.19659 validation_dice=0.75490 best=0.75853
epoch=015 train_loss=0.17949 validation_dice=0.75545 best=0.75853
epoch=016 train_loss=0.15809 validation_dice=0.75750 best=0.75853
epoch=017 train_loss=0.13908 validation_dice=0.75540 best=0.75853
epoch=018 train_loss=0.11618 validation_dice=0.75662 best=0.75853
epoch=019 train_loss=0.10015 validation_dice=0.75765 best=0.75853
epoch=020 train_loss=0.09090 validation_dice=0.75778 best=0.75853
epoch=021 train_loss=0.07991 validation_dice=0.75676 best=0.75853
epoch=022 train_loss=0.07946 validation_dice=0.75841 best=0.75853
epoch=023 train_loss=0.07769 validation_dice=0.75726 best=0.75853
  method_id  k  strategy  n_patients  n_patient_observations  mean_hidden_dice  mean_hidden_hd95_px  mean_area_curve_relative_rmse  mean_hidden_brier  mean_hidden_area_95_coverage  trust_gate_rejection_rate  mean_runtime_s
target_only  5 clustered          20                     100          0.768417             9.310040                       0.385269           0.031363                      0.888421                       1.00        0.034799
target_only  5    random          20                     100          0.765733             9.379655                       0.385537           0.031492                      0.847368                       0.54        0.035031
target_only  5   uniform          20                      20          0.765923             9.322966                       0.380092           0.031089                      0.857895                       0.10        0.037054
Checkpoint: private_data/ted_full/runs/target_only/fold2_k5_all_strategies/checkpoints/best_model.pt
